npm warn Unknown user config "python". This will stop working in the next major version of npm.

> frontend@0.1.0 build
> next build

   ▲ Next.js 16.0.10 (Turbopack)
   - Environments: .env.local, .env.production
   - Experiments (use with caution):
     · optimizePackageImports

 ⚠ The "middleware" file convention is deprecated. Please use "proxy" instead. Learn more: https://nextjs.org/docs/messages/middleware-to-proxy
   Creating an optimized production build ...
 ⨯ ERROR: This build is using Turbopack, with a `webpack` config and no `turbopack` config.
   This may be a mistake.

   As of Next.js 16 Turbopack is enabled by default and
   custom webpack configurations may need to be migrated to Turbopack.

   NOTE: your `webpack` config may have been added by a configuration plugin.

   To configure Turbopack, see https://nextjs.org/docs/app/api-reference/next-config-js/turbopack

   TIP: Many applications work fine under Turbopack with no configuration,
   if that is the case for you, you can silence this error by passing the
   `--turbopack` or `--webpack` flag explicitly or simply setting an 
   empty turbopack config in your Next config file (e.g. `turbopack: {}`).

> Build error occurred
Error: Call retries were exceeded
    at ignore-listed frames {
  type: 'WorkerError'
}
